// Jest Snapshot v1, https://goo.gl/fbAQLP

exports[`Button Matches snapshots 1`] = `
.c0 {
  border: none;
  outline: none;
  font: inherit;
  cursor: pointer;
  -webkit-user-select: none;
  -moz-user-select: none;
  -ms-user-select: none;
  user-select: none;
  color: white;
  border-radius: 4px;
  background: #1ea7fd;
  font-size: 14px;
  padding: 11px 20px;
}

.c1 {
  border: none;
  outline: none;
  font: inherit;
  cursor: pointer;
  -webkit-user-select: none;
  -moz-user-select: none;
  -ms-user-select: none;
  user-select: none;
  color: #333;
  border-radius: 4px;
  background: none;
  font-size: 14px;
  padding: 11px 20px;
  box-shadow: rgba(0,0,0,0.15) 0 0 0 1px inset;
}

.c2 {
  border: none;
  outline: none;
  font: inherit;
  cursor: pointer;
  -webkit-user-select: none;
  -moz-user-select: none;
  -ms-user-select: none;
  user-select: none;
  color: #333;
  border-radius: 4px;
  background: none;
  font-size: 12px;
  padding: 10px 16px;
  box-shadow: rgba(0,0,0,0.15) 0 0 0 1px inset;
}

.c3 {
  border: none;
  outline: none;
  font: inherit;
  cursor: pointer;
  -webkit-user-select: none;
  -moz-user-select: none;
  -ms-user-select: none;
  user-select: none;
  color: #333;
  border-radius: 4px;
  background: none;
  font-size: 16px;
  padding: 12px 24px;
  box-shadow: rgba(0,0,0,0.15) 0 0 0 1px inset;
}

<div
  data-testid="Container"
>
  <button
    class="c0"
  >
    Button
  </button>
  <button
    class="c1"
  >
    Button
  </button>
  <button
    class="c2"
  >
    Button
  </button>
  <button
    class="c1"
  >
    Button
  </button>
  <button
    class="c3"
  >
    Button
  </button>
</div>
`;
